[JavaClass java.util.ArrayList]
[JavaClass java.util.ArrayList]
[JavaClass java.lang.String]
java.lang.ClassNotFoundException: java.lang.String
[JavaClass java.util.ArrayList]
[JavaClass java.util.ArrayList]
[JavaClass java.lang.String]
[JavaPackage java.lang.String]
[JavaClass org.openjdk.nashorn.javaadapters.java_util_ArrayList]
[JavaClass org.openjdk.nashorn.javaadapters.java_util_ArrayList]
[JavaClass org.openjdk.nashorn.javaadapters.java_io_File]
TypeError: Java.extend needs Java types as its arguments. in <eval> at line number 1
java.lang.NullPointerException
java.lang.ClassNotFoundException: java.lang.NullPointerException
java.lang.NullPointerException: library can't be null
java.lang.NullPointerException: library can't be null
