InternalRunnable.run() executed!
InternalRunnable.toString() executed!

false
false
true
false
19
