java.security.AccessControlException: access denied ("java.lang.RuntimePermission" "accessClassInPackage.org.openjdk.nashorn.internal.test.models")
