-version flag positive test:
flag test PASSED
-version flag negative test:
flag test PASSED
