--language flag positive test:
flag test PASSED
functionality test PASSED
--language flag negative test:
flag test PASSED
functionality test PASSED
