-doe flag positive test:
flag test PASSED
functionality test PASSED
-doe flag negative test:
flag test PASSED
functionality test PASSED
