-D flag positive test:
functionality test PASSED
-D flag negative test:
functionality test PASSED
