-fx flag positive test:
flag test PASSED
-fx flag negative test:
flag test PASSED
