-scripting flag positive test:
flag test PASSED
functionality test PASSED
-scripting flag negative test:
flag test PASSED
functionality test PASSED
