-fv flag positive test:
flag test PASSED
functionality test PASSED
-fv flag negative test:
flag test PASSED
functionality test PASSED
