-ot flag positive test:
flag test PASSED
-ot flag negative test:
flag test PASSED
