Type java.util.function.Consumer specified multiple times.
Type java.util.TimerTask specified multiple times.
