class javax.script.ScriptException
class org.openjdk.nashorn.internal.runtime.ECMAException
Error: foo
true
Error
foo
33
