TypeError: new cannot be used with non-public java type org.openjdk.nashorn.test.models.NonPublicClass.
