[JavaClass java.lang.System]
42
961
hello Runnable
33
I'm object
java.security.AccessControlException: access denied ("java.lang.RuntimePermission" "accessClassInPackage.jdk.internal")
java.security.AccessControlException: access denied ("java.lang.RuntimePermission" "accessClassInPackage.jdk.internal.misc")
java.lang.RuntimeException: java.lang.ClassNotFoundException: org.openjdk.nashorn.internal.runtime.Context
java.lang.ClassNotFoundException: org.openjdk.nashorn.api.scripting.JSObject
